(C)Copyright TOSHIBA CORPORATION 1993-2009  All rights reserved

Sun May 31 20:45:52 2020

Toshiba Unified Linker (32) V2.0p     [Page     1]     sample.map
Runtime option : c:\Program Files (x86)\TOSHIBA\T900\bin\tulink.exe sample.lcf 

  Command file : sample.lcf
    -ga -la -o sample.abs
    vect.rel 
    work.rel
    main.rel
    init.rel
    print.rel
    graphics.rel
    scroll.rel
    player.rel
    system.lib
    
    
    MEMORY {
    	io(RW)		: org=0x0	len=0x100
    	work(RW)	: org=0x4000	len=0x2c00
    	z80(RW)		: org=0x7000	len=0x1000
    	lcd(RW)		: org=0x8000	len=0x4000
    	user(RX)	: org=0x200000	len=0x200000
     	}
    
    
    SECTIONS {
    	HEADER
    		org=0x200000 : {
    		*(INT_TBL)
    		} > user
    
    	PROGRAM
    		org=0x200100 : {
    		*(PROG)
    		system.lib
    		} > user
    
    	WORK
    		org=0x4000 : {
    		*(WORK)
    		} > work
    }
    
    

  Input files (modules)
    vect.rel (game_vect)
    work.rel (game_work)
    main.rel (game_main)
    init.rel (init)
    print.rel (print)
    graphics.rel (print)
    scroll.rel (scroll)
    player.rel (player)
    system.lib (vec_lib patch )

  Link map
    Memory     Out-sec    Attri   Base       Length     In-sec(In-file)        Information
    ---------- ---------- ------- ---------- ---------- ---------------------- ---------------
    io                                     0        100                        *** Gap ***
    work       WORK       DATA          4000         21 WORK    (work.rel)     NORMAL
    work                                4021       2BDF                        *** Gap ***
    z80                                 7000       1000                        *** Gap ***
    lcd                                 8000       4000                        *** Gap ***
    user       HEADER     ROMDATA     200000         88 INT_TBL (vect.rel)     NORMAL
    user                              200088         78                        *** Gap ***
    user       PROGRAM    CODE        200100         ED PROG    (main.rel)     NORMAL
    user       PROGRAM    CODE        2001ED         C0 PROG    (init.rel)     NORMAL
    user       PROGRAM    CODE        2002AD         EE PROG    (print.rel)    NORMAL
    user       PROGRAM    CODE        20039B       2A98 PROG    (graphics.rel) NORMAL
    user       PROGRAM    CODE        202E33        18E PROG    (scroll.rel)   NORMAL
    user       PROGRAM    CODE        202FC1        42A PROG    (player.rel)   NORMAL
    user       PROGRAM    CODE        2033EB         17 SYSLIB  (system.lib)   NORMAL
    user       PROGRAM    CODE        203402         11 SYSLIB  (system.lib)   NORMAL
    user                              203413     1FCBED                        *** Gap ***

  Symbol table for sample.abs
      Symbol       Address  In-sec   Cross-reference
      ------------ -------- -------- --------------------------------------
    Input module : game_vect
      Header_Data    200000 INT_TBL  
      RAM_Vector     200040 INT_TBL  init     
    Input module : game_work
      frame_cnt        4004 WORK     
      joyedge          4003 WORK     player   game_main 
      joylast          4002 WORK     game_main 
      joypad           4001 WORK     player   game_main 
      player_dx        4018 WORK     player   
      player_dy        401C WORK     player   
      player_mode      4020 WORK     player   
      player_x         4010 WORK     player   
      player_y         4014 WORK     player   
      screen_x         4006 WORK     
      screen_y         4008 WORK     
      scroll_mode      400E WORK     scroll   
      scroll_x         400A WORK     scroll   
      scroll_y         400C WORK     scroll   
      start_work       4000 WORK     init     
      stopper          4000 WORK     game_main 
    Input module : game_main
      __STARTUP      FF1800          
      alarm_int      2001E9 PROG     game_vect 
      dummy          2001EC PROG     game_vect 
      h_int          2001E6 PROG     game_vect 
      reset          200100 PROG     game_vect 
      sound_int      2001EB PROG     game_vect 
      timer1         2001E7 PROG     game_vect 
      timer2         2001E8 PROG     game_vect 
      v_int          2001B0 PROG     game_vect 
      z80_int        2001EA PROG     game_vect 
      ALARM_BOOT_REQ
                          7          
      BAT_SHUTDOWN_REQ
                          5          
      BGCOL_CRAM       83E0          
      BG_COLOR         8118          
      BIT_A               4          
      BIT_B               5          
      BIT_DOWN            1          
      BIT_LEFT            2          
      BIT_OPTION          6          
      BIT_RIGHT           3          
      BIT_UP              0          
      Battery_Voltage
                       6F80          
      CHR_VRAM         A000          
      DISP_CTL0        8000          
      FrameStr       2001A4 PROG     
      INT_CLR_BIT         7          
      JOY_A              10          
      JOY_B              20          
      JOY_DOWN            2          
      JOY_LEFT            4          
      JOY_OPTION         40          
      JOY_RIGHT           8          
      JOY_UP              1          
      JoyStr         200198 PROG     
      LCD_CTR_ADD      8012          
      Language         6F87          
      MP_SHUTDOWN_REQ
                          7          
      OS_Version       6F91          
      PAL_SCR1_00      8111          
      PAL_SCR1_01      8112          
      PAL_SCR1_02      8113          
      PAL_SCR1_10      8115          
      PAL_SCR1_11      8116          
      PAL_SCR1_12      8117          
      PL_SCR0_00       8109          
      PL_SCR0_01       810A          
      PL_SCR0_02       810B          
      PL_SCR0_10       810D          
      PL_SCR0_11       810E          
      PL_SCR0_12       810F          
      PL_SPR_00        8101          
      PL_SPR_01        8102          
      PL_SPR_02        8103          
      PL_SPR_10        8105          
      PL_SPR_11        8106          
      PL_SPR_12        8107          
      POWER_BOOT_REQ
                          6          
      RESET_ADD        87E0          
      RESUME_ANS          7          
      RESUME_BOOT_REQ
                          5          
      SCRL1_VRAM       9000          
      SCRL2_VRAM       9800          
      SCRL_PRIO_ADR
                       8030          
      SCRL_X1_ADR      8032          
      SCRL_X2_ADR      8034          
      SCRL_Y1_ADR      8033          
      SCRL_Y2_ADR      8035          
      SCROLL1_CRAM     8280          
      SCROLL2_CRAM     8300          
      SPRITE_CRAM      8200          
      SPR_OFFSET_X_ADR
                       8020          
      SPR_OFFSET_Y_ADR
                       8021          
      SPR_PALCODE      8C00          
      SPR_VRAM         8800          
      STS_RG_ADD       8010          
      SYS_FAILURE        FF          
      SYS_SUCCESS         0          
      String         20018C PROG     
      Sys_lever        6F82          
      TIMER_SHUTDOWN_ANS
                          6          
      TIME_SHUTDOWN_REQ
                          6          
      User_Answer      6F86          
      User_Boot        6F84          
      User_Shutdown
                       6F85          
      VECT_ALARMDOWNSET
                          B          
      VECT_ALARMSET
                          9          
      VECT_CLOCKGEARSET
                          1          
      VECT_FLASHALLERS
                          7          
      VECT_FLASHERS
                          8          
      VECT_FLASHPROTECT
                          D          
      VECT_FLASHWRITE
                          6          
      VECT_GEMODESET
                          E          
      VECT_INTLVSET
                          4          
      VECT_RTCGET         2          
      VECT_SHUTDOWN
                          0          
      VECT_SYSFONTSET
                          5          
      VERSION_ADD      87FE          
      WDCR               6F          
      WD_CLR             4E          
      WD_LCDST_HPOS
                       8008          
      WD_LCDST_VPOS
                       8009          
      WINDOW_CRAM      83F0          
      WIN_WBAX_ADR     8002          
      WIN_WBAY_ADR     8003          
      WIN_WSIX_ADR     8004          
      WIN_WSIY_ADR     8005          
      _ALARM_BOOT_REQ
                         80          
      _BAT_SHUTDOWN_REQ
                         20          
      _INT_CLR_BIT       80          
      _MP_SHUTDOWN_REQ
                         80          
      _POWER_BOOT_REQ
                         40          
      _RESUME_ANS        80          
      _RESUME_BOOT_REQ
                         20          
      _TIMER_SHUTDOWN_ANS
                         40          
      _TIME_SHUTDOWN_REQ
                         40          
      copy_row       20015B PROG     
      disp_size_x        A0          
      disp_size_y        98          
      main           20016C PROG     
      main_100       200181 PROG     
      map_copy       200158 PROG     
      obj_max            40          
      palette2_copy
                     20012A PROG     
      palette_copy   200118 PROG     
    Input module : init
      init_setting   2001ED PROG     game_main 
      ALARM_BOOT_REQ
                          7          
      BAT_SHUTDOWN_REQ
                          5          
      BGCOL_CRAM       83E0          
      BG_COLOR         8118          
      BIT_A               4          
      BIT_B               5          
      BIT_DOWN            1          
      BIT_LEFT            2          
      BIT_OPTION          6          
      BIT_RIGHT           3          
      BIT_UP              0          
      Battery_Voltage
                       6F80          
      CHR_VRAM         A000          
      DISP_CTL0        8000          
      INT_CLR_BIT         7          
      JOY_A              10          
      JOY_B              20          
      JOY_DOWN            2          
      JOY_LEFT            4          
      JOY_OPTION         40          
      JOY_RIGHT           8          
      JOY_UP              1          
      LCD_CTR_ADD      8012          
      Language         6F87          
      MP_SHUTDOWN_REQ
                          7          
      OS_Version       6F91          
      PAL_SCR1_00      8111          
      PAL_SCR1_01      8112          
      PAL_SCR1_02      8113          
      PAL_SCR1_10      8115          
      PAL_SCR1_11      8116          
      PAL_SCR1_12      8117          
      PL_SCR0_00       8109          
      PL_SCR0_01       810A          
      PL_SCR0_02       810B          
      PL_SCR0_10       810D          
      PL_SCR0_11       810E          
      PL_SCR0_12       810F          
      PL_SPR_00        8101          
      PL_SPR_01        8102          
      PL_SPR_02        8103          
      PL_SPR_10        8105          
      PL_SPR_11        8106          
      PL_SPR_12        8107          
      POWER_BOOT_REQ
                          6          
      RESET_ADD        87E0          
      RESUME_ANS          7          
      RESUME_BOOT_REQ
                          5          
      SCRL1_VRAM       9000          
      SCRL2_VRAM       9800          
      SCRL_PRIO_ADR
                       8030          
      SCRL_X1_ADR      8032          
      SCRL_X2_ADR      8034          
      SCRL_Y1_ADR      8033          
      SCRL_Y2_ADR      8035          
      SCROLL1_CRAM     8280          
      SCROLL2_CRAM     8300          
      SPRITE_CRAM      8200          
      SPR_OFFSET_X_ADR
                       8020          
      SPR_OFFSET_Y_ADR
                       8021          
      SPR_PALCODE      8C00          
      SPR_VRAM         8800          
      STS_RG_ADD       8010          
      SYS_FAILURE        FF          
      SYS_SUCCESS         0          
      Sys_lever        6F82          
      TIMER_SHUTDOWN_ANS
                          6          
      TIME_SHUTDOWN_REQ
                          6          
      User_Answer      6F86          
      User_Boot        6F84          
      User_Shutdown
                       6F85          
      VECT_ALARMDOWNSET
                          B          
      VECT_ALARMSET
                          9          
      VECT_CLOCKGEARSET
                          1          
      VECT_FLASHALLERS
                          7          
      VECT_FLASHERS
                          8          
      VECT_FLASHPROTECT
                          D          
      VECT_FLASHWRITE
                          6          
      VECT_GEMODESET
                          E          
      VECT_INTLVSET
                          4          
      VECT_RTCGET         2          
      VECT_SHUTDOWN
                          0          
      VECT_SYSFONTSET
                          5          
      VERSION_ADD      87FE          
      WDCR               6F          
      WD_CLR             4E          
      WD_LCDST_HPOS
                       8008          
      WD_LCDST_VPOS
                       8009          
      WINDOW_CRAM      83F0          
      WIN_WBAX_ADR     8002          
      WIN_WBAY_ADR     8003          
      WIN_WSIX_ADR     8004          
      WIN_WSIY_ADR     8005          
      _ALARM_BOOT_REQ
                         80          
      _BAT_SHUTDOWN_REQ
                         20          
      _INT_CLR_BIT       80          
      _MP_SHUTDOWN_REQ
                         80          
      _POWER_BOOT_REQ
                         40          
      _RESUME_ANS        80          
      _RESUME_BOOT_REQ
                         20          
      _TIMER_SHUTDOWN_ANS
                         40          
      _TIME_SHUTDOWN_REQ
                         40          
      disp_size_x        A0          
      disp_size_y        98          
      obj_max            40          
      pal_data       20029A PROG     
      palet_loop     200289 PROG     
      plaet_seting   20027D PROG     
      scroll_clr     200267 PROG     
      scroll_loop    20026F PROG     
      sprite_clr     200253 PROG     
      sprite_loop    20025D PROG     
      vect_copy      2001FC PROG     
      work_init_loop
                     200243 PROG     
    Input module : print
      print_byte     2002D7 PROG     
      print_init     2002AD PROG     
      print_string   2002B8 PROG     
      print_word     20031D PROG     
      ALARM_BOOT_REQ
                          7          
      BAT_SHUTDOWN_REQ
                          5          
      BGCOL_CRAM       83E0          
      BG_COLOR         8118          
      BIT_A               4          
      BIT_B               5          
      BIT_DOWN            1          
      BIT_LEFT            2          
      BIT_OPTION          6          
      BIT_RIGHT           3          
      BIT_UP              0          
      Battery_Voltage
                       6F80          
      CHR_VRAM         A000          
      DISP_CTL0        8000          
      INT_CLR_BIT         7          
      JOY_A              10          
      JOY_B              20          
      JOY_DOWN            2          
      JOY_LEFT            4          
      JOY_OPTION         40          
      JOY_RIGHT           8          
      JOY_UP              1          
      LCD_CTR_ADD      8012          
      Language         6F87          
      MP_SHUTDOWN_REQ
                          7          
      OS_Version       6F91          
      PAL_SCR1_00      8111          
      PAL_SCR1_01      8112          
      PAL_SCR1_02      8113          
      PAL_SCR1_10      8115          
      PAL_SCR1_11      8116          
      PAL_SCR1_12      8117          
      PL_SCR0_00       8109          
      PL_SCR0_01       810A          
      PL_SCR0_02       810B          
      PL_SCR0_10       810D          
      PL_SCR0_11       810E          
      PL_SCR0_12       810F          
      PL_SPR_00        8101          
      PL_SPR_01        8102          
      PL_SPR_02        8103          
      PL_SPR_10        8105          
      PL_SPR_11        8106          
      PL_SPR_12        8107          
      POWER_BOOT_REQ
                          6          
      RESET_ADD        87E0          
      RESUME_ANS          7          
      RESUME_BOOT_REQ
                          5          
      SCRL1_VRAM       9000          
      SCRL2_VRAM       9800          
      SCRL_PRIO_ADR
                       8030          
      SCRL_X1_ADR      8032          
      SCRL_X2_ADR      8034          
      SCRL_Y1_ADR      8033          
      SCRL_Y2_ADR      8035          
      SCROLL1_CRAM     8280          
      SCROLL2_CRAM     8300          
      SPRITE_CRAM      8200          
      SPR_OFFSET_X_ADR
                       8020          
      SPR_OFFSET_Y_ADR
                       8021          
      SPR_PALCODE      8C00          
      SPR_VRAM         8800          
      STS_RG_ADD       8010          
      SYS_FAILURE        FF          
      SYS_SUCCESS         0          
      Sys_lever        6F82          
      TIMER_SHUTDOWN_ANS
                          6          
      TIME_SHUTDOWN_REQ
                          6          
      User_Answer      6F86          
      User_Boot        6F84          
      User_Shutdown
                       6F85          
      VECT_ALARMDOWNSET
                          B          
      VECT_ALARMSET
                          9          
      VECT_CLOCKGEARSET
                          1          
      VECT_FLASHALLERS
                          7          
      VECT_FLASHERS
                          8          
      VECT_FLASHPROTECT
                          D          
      VECT_FLASHWRITE
                          6          
      VECT_GEMODESET
                          E          
      VECT_INTLVSET
                          4          
      VECT_RTCGET         2          
      VECT_SHUTDOWN
                          0          
      VECT_SYSFONTSET
                          5          
      VERSION_ADD      87FE          
      WDCR               6F          
      WD_CLR             4E          
      WD_LCDST_HPOS
                       8008          
      WD_LCDST_VPOS
                       8009          
      WINDOW_CRAM      83F0          
      WIN_WBAX_ADR     8002          
      WIN_WBAY_ADR     8003          
      WIN_WSIX_ADR     8004          
      WIN_WSIY_ADR     8005          
      _ALARM_BOOT_REQ
                         80          
      _BAT_SHUTDOWN_REQ
                         20          
      _INT_CLR_BIT       80          
      _MP_SHUTDOWN_REQ
                         80          
      _POWER_BOOT_REQ
                         40          
      _RESUME_ANS        80          
      _RESUME_BOOT_REQ
                         20          
      _TIMER_SHUTDOWN_ANS
                         40          
      _TIME_SHUTDOWN_REQ
                         40          
      byte_atf0      2002F9 PROG     
      byte_atf1      200312 PROG     
      byte_doneadd0
                     2002FC PROG     
      byte_doneadd1
                     200315 PROG     
      copy_text      2002C6 PROG     
      done_copy_text
                     2002D6 PROG     
      word_atf0      20033F PROG     
      word_atf1      200358 PROG     
      word_atf2      200377 PROG     
      word_atf3      200390 PROG     
      word_doneadd0
                     200342 PROG     
      word_doneadd1
                     20035B PROG     
      word_doneadd2
                     20037A PROG     
      word_doneadd3
                     200393 PROG     
    Input module : print
      guy            202DEB PROG     player   
      guy_end        202E2B PROG     player   
      guy_pal        202E2B PROG     player   
      guy_pal_end    202E33 PROG     player   
      map            200DEB PROG     scroll   game_main 
      map_end        202DEB PROG     
      palette        20039B PROG     game_main 
      palette_end    2003EB PROG     game_main 
      tiles          2003EB PROG     player   game_main 
      tiles_end      200DEB PROG     player   game_main 
      ALARM_BOOT_REQ
                          7          
      BAT_SHUTDOWN_REQ
                          5          
      BGCOL_CRAM       83E0          
      BG_COLOR         8118          
      BIT_A               4          
      BIT_B               5          
      BIT_DOWN            1          
      BIT_LEFT            2          
      BIT_OPTION          6          
      BIT_RIGHT           3          
      BIT_UP              0          
      Battery_Voltage
                       6F80          
      CHR_VRAM         A000          
      DISP_CTL0        8000          
      INT_CLR_BIT         7          
      JOY_A              10          
      JOY_B              20          
      JOY_DOWN            2          
      JOY_LEFT            4          
      JOY_OPTION         40          
      JOY_RIGHT           8          
      JOY_UP              1          
      LCD_CTR_ADD      8012          
      Language         6F87          
      MP_SHUTDOWN_REQ
                          7          
      OS_Version       6F91          
      PAL_SCR1_00      8111          
      PAL_SCR1_01      8112          
      PAL_SCR1_02      8113          
      PAL_SCR1_10      8115          
      PAL_SCR1_11      8116          
      PAL_SCR1_12      8117          
      PL_SCR0_00       8109          
      PL_SCR0_01       810A          
      PL_SCR0_02       810B          
      PL_SCR0_10       810D          
      PL_SCR0_11       810E          
      PL_SCR0_12       810F          
      PL_SPR_00        8101          
      PL_SPR_01        8102          
      PL_SPR_02        8103          
      PL_SPR_10        8105          
      PL_SPR_11        8106          
      PL_SPR_12        8107          
      POWER_BOOT_REQ
                          6          
      RESET_ADD        87E0          
      RESUME_ANS          7          
      RESUME_BOOT_REQ
                          5          
      SCRL1_VRAM       9000          
      SCRL2_VRAM       9800          
      SCRL_PRIO_ADR
                       8030          
      SCRL_X1_ADR      8032          
      SCRL_X2_ADR      8034          
      SCRL_Y1_ADR      8033          
      SCRL_Y2_ADR      8035          
      SCROLL1_CRAM     8280          
      SCROLL2_CRAM     8300          
      SPRITE_CRAM      8200          
      SPR_OFFSET_X_ADR
                       8020          
      SPR_OFFSET_Y_ADR
                       8021          
      SPR_PALCODE      8C00          
      SPR_VRAM         8800          
      STS_RG_ADD       8010          
      SYS_FAILURE        FF          
      SYS_SUCCESS         0          
      Sys_lever        6F82          
      TIMER_SHUTDOWN_ANS
                          6          
      TIME_SHUTDOWN_REQ
                          6          
      User_Answer      6F86          
      User_Boot        6F84          
      User_Shutdown
                       6F85          
      VECT_ALARMDOWNSET
                          B          
      VECT_ALARMSET
                          9          
      VECT_CLOCKGEARSET
                          1          
      VECT_FLASHALLERS
                          7          
      VECT_FLASHERS
                          8          
      VECT_FLASHPROTECT
                          D          
      VECT_FLASHWRITE
                          6          
      VECT_GEMODESET
                          E          
      VECT_INTLVSET
                          4          
      VECT_RTCGET         2          
      VECT_SHUTDOWN
                          0          
      VECT_SYSFONTSET
                          5          
      VERSION_ADD      87FE          
      WDCR               6F          
      WD_CLR             4E          
      WD_LCDST_HPOS
                       8008          
      WD_LCDST_VPOS
                       8009          
      WINDOW_CRAM      83F0          
      WIN_WBAX_ADR     8002          
      WIN_WBAY_ADR     8003          
      WIN_WSIX_ADR     8004          
      WIN_WSIY_ADR     8005          
      _ALARM_BOOT_REQ
                         80          
      _BAT_SHUTDOWN_REQ
                         20          
      _INT_CLR_BIT       80          
      _MP_SHUTDOWN_REQ
                         80          
      _POWER_BOOT_REQ
                         40          
      _RESUME_ANS        80          
      _RESUME_BOOT_REQ
                         20          
      _TIMER_SHUTDOWN_ANS
                         40          
      _TIME_SHUTDOWN_REQ
                         40          
    Input module : scroll
      scroll_copy    202E7E PROG     game_main 
      scroll_get_tile
                     202E64 PROG     player   
      scroll_set     202E33 PROG     player   
      ALARM_BOOT_REQ
                          7          
      BAT_SHUTDOWN_REQ
                          5          
      BGCOL_CRAM       83E0          
      BG_COLOR         8118          
      BIT_A               4          
      BIT_B               5          
      BIT_DOWN            1          
      BIT_LEFT            2          
      BIT_OPTION          6          
      BIT_RIGHT           3          
      BIT_UP              0          
      Battery_Voltage
                       6F80          
      CHR_VRAM         A000          
      COPY_DOWN           8          
      COPY_LEFT           1          
      COPY_RIGHT          2          
      COPY_UP             4          
      DISP_CTL0        8000          
      INT_CLR_BIT         7          
      JOY_A              10          
      JOY_B              20          
      JOY_DOWN            2          
      JOY_LEFT            4          
      JOY_OPTION         40          
      JOY_RIGHT           8          
      JOY_UP              1          
      LCD_CTR_ADD      8012          
      Language         6F87          
      MP_SHUTDOWN_REQ
                          7          
      OS_Version       6F91          
      PAL_SCR1_00      8111          
      PAL_SCR1_01      8112          
      PAL_SCR1_02      8113          
      PAL_SCR1_10      8115          
      PAL_SCR1_11      8116          
      PAL_SCR1_12      8117          
      PL_SCR0_00       8109          
      PL_SCR0_01       810A          
      PL_SCR0_02       810B          
      PL_SCR0_10       810D          
      PL_SCR0_11       810E          
      PL_SCR0_12       810F          
      PL_SPR_00        8101          
      PL_SPR_01        8102          
      PL_SPR_02        8103          
      PL_SPR_10        8105          
      PL_SPR_11        8106          
      PL_SPR_12        8107          
      POWER_BOOT_REQ
                          6          
      RESET_ADD        87E0          
      RESUME_ANS          7          
      RESUME_BOOT_REQ
                          5          
      SCRL1_VRAM       9000          
      SCRL2_VRAM       9800          
      SCRL_PRIO_ADR
                       8030          
      SCRL_X1_ADR      8032          
      SCRL_X2_ADR      8034          
      SCRL_Y1_ADR      8033          
      SCRL_Y2_ADR      8035          
      SCROLL1_CRAM     8280          
      SCROLL2_CRAM     8300          
      SPRITE_CRAM      8200          
      SPR_OFFSET_X_ADR
                       8020          
      SPR_OFFSET_Y_ADR
                       8021          
      SPR_PALCODE      8C00          
      SPR_VRAM         8800          
      STS_RG_ADD       8010          
      SYS_FAILURE        FF          
      SYS_SUCCESS         0          
      Sys_lever        6F82          
      TILES_X            14          
      TILES_Y            13          
      TIMER_SHUTDOWN_ANS
                          6          
      TIME_SHUTDOWN_REQ
                          6          
      User_Answer      6F86          
      User_Boot        6F84          
      User_Shutdown
                       6F85          
      VECT_ALARMDOWNSET
                          B          
      VECT_ALARMSET
                          9          
      VECT_CLOCKGEARSET
                          1          
      VECT_FLASHALLERS
                          7          
      VECT_FLASHERS
                          8          
      VECT_FLASHPROTECT
                          D          
      VECT_FLASHWRITE
                          6          
      VECT_GEMODESET
                          E          
      VECT_INTLVSET
                          4          
      VECT_RTCGET         2          
      VECT_SHUTDOWN
                          0          
      VECT_SYSFONTSET
                          5          
      VERSION_ADD      87FE          
      WDCR               6F          
      WD_CLR             4E          
      WD_LCDST_HPOS
                       8008          
      WD_LCDST_VPOS
                       8009          
      WINDOW_CRAM      83F0          
      WIN_WBAX_ADR     8002          
      WIN_WBAY_ADR     8003          
      WIN_WSIX_ADR     8004          
      WIN_WSIY_ADR     8005          
      _ALARM_BOOT_REQ
                         80          
      _BAT_SHUTDOWN_REQ
                         20          
      _INT_CLR_BIT       80          
      _MP_SHUTDOWN_REQ
                         80          
      _POWER_BOOT_REQ
                         40          
      _RESUME_ANS        80          
      _RESUME_BOOT_REQ
                         20          
      _TIMER_SHUTDOWN_ANS
                         40          
      _TIME_SHUTDOWN_REQ
                         40          
      copy_col_loop
                     202F56 PROG     
      copy_column    202F27 PROG     
      copy_row       202F7E PROG     
      copy_row_loop
                     202FA9 PROG     
      done_x         202E45 PROG     
      done_y         202E5B PROG     
      down_y         202E56 PROG     
      left_x         202E3B PROG     
      no_down        202F26 PROG     
      no_left        202EB2 PROG     
      no_right       202EDA PROG     
      no_up          202EFE PROG     
      no_x           202E43 PROG     
      right_x        202E3F PROG     
      up_y           202E51 PROG     
    Input module : player
      get_sensor     2032EC PROG     
      player_init    202FC1 PROG     game_main 
      player_move    20307A PROG     game_main 
      ALARM_BOOT_REQ
                          7          
      BAT_SHUTDOWN_REQ
                          5          
      BGCOL_CRAM       83E0          
      BG_COLOR         8118          
      BIT_A               4          
      BIT_B               5          
      BIT_DOWN            1          
      BIT_LEFT            2          
      BIT_OPTION          6          
      BIT_RIGHT           3          
      BIT_UP              0          
      BSENSOR_HEIGHT
                          C          
      Battery_Voltage
                       6F80          
      CHR_VRAM         A000          
      DISP_CTL0        8000          
      GRAVITY          A000          
      Height2251     20338B PROG     
      Height2252     20339B PROG     
      Height45       20337B PROG     
      HeightEmpty    20335B PROG     
      HeightFull     20336B PROG     
      INT_CLR_BIT         7          
      JOY_A              10          
      JOY_B              20          
      JOY_DOWN            2          
      JOY_LEFT            4          
      JOY_OPTION         40          
      JOY_RIGHT           8          
      JOY_UP              1          
      JUMP_GRAVITY     7000          
      LCD_CTR_ADD      8012          
      Language         6F87          
      MAX_GRAVITY     70000          
      MAX_SPEED       38000          
      MODE_AIR            1          
      MODE_GROUND         0          
      MP_SHUTDOWN_REQ
                          7          
      OS_Version       6F91          
      PAL_SCR1_00      8111          
      PAL_SCR1_01      8112          
      PAL_SCR1_02      8113          
      PAL_SCR1_10      8115          
      PAL_SCR1_11      8116          
      PAL_SCR1_12      8117          
      PLAYER_ACCEL     8000          
      PLAYER_HEIGHT
                         10          
      PLAYER_WIDTH       10          
      PL_SCR0_00       8109          
      PL_SCR0_01       810A          
      PL_SCR0_02       810B          
      PL_SCR0_10       810D          
      PL_SCR0_11       810E          
      PL_SCR0_12       810F          
      PL_SPR_00        8101          
      PL_SPR_01        8102          
      PL_SPR_02        8103          
      PL_SPR_10        8105          
      PL_SPR_11        8106          
      PL_SPR_12        8107          
      POWER_BOOT_REQ
                          6          
      RESET_ADD        87E0          
      RESUME_ANS          7          
      RESUME_BOOT_REQ
                          5          
      SCRL1_VRAM       9000          
      SCRL2_VRAM       9800          
      SCRL_PRIO_ADR
                       8030          
      SCRL_X1_ADR      8032          
      SCRL_X2_ADR      8034          
      SCRL_Y1_ADR      8033          
      SCRL_Y2_ADR      8035          
      SCROLL1_CRAM     8280          
      SCROLL2_CRAM     8300          
      SPRITE_CRAM      8200          
      SPRITE_X           48          
      SPRITE_Y           48          
      SPR_OFFSET_X_ADR
                       8020          
      SPR_OFFSET_Y_ADR
                       8021          
      SPR_PALCODE      8C00          
      SPR_VRAM         8800          
      STS_RG_ADD       8010          
      SYS_FAILURE        FF          
      SYS_SUCCESS         0          
      Sys_lever        6F82          
      TIMER_SHUTDOWN_ANS
                          6          
      TIME_SHUTDOWN_REQ
                          6          
      TSENSOR_HEIGHT
                          4          
      TYPE_2251           3          
      TYPE_2252           4          
      TYPE_45             2          
      TYPE_EMPTY          0          
      TYPE_FULL           1          
      User_Answer      6F86          
      User_Boot        6F84          
      User_Shutdown
                       6F85          
      VECT_ALARMDOWNSET
                          B          
      VECT_ALARMSET
                          9          
      VECT_CLOCKGEARSET
                          1          
      VECT_FLASHALLERS
                          7          
      VECT_FLASHERS
                          8          
      VECT_FLASHPROTECT
                          D          
      VECT_FLASHWRITE
                          6          
      VECT_GEMODESET
                          E          
      VECT_INTLVSET
                          4          
      VECT_RTCGET         2          
      VECT_SHUTDOWN
                          0          
      VECT_SYSFONTSET
                          5          
      VERSION_ADD      87FE          
      WDCR               6F          
      WD_CLR             4E          
      WD_LCDST_HPOS
                       8008          
      WD_LCDST_VPOS
                       8009          
      WINDOW_CRAM      83F0          
      WIN_WBAX_ADR     8002          
      WIN_WBAY_ADR     8003          
      WIN_WSIX_ADR     8004          
      WIN_WSIY_ADR     8005          
      _ALARM_BOOT_REQ
                         80          
      _BAT_SHUTDOWN_REQ
                         20          
      _INT_CLR_BIT       80          
      _MP_SHUTDOWN_REQ
                         80          
      _POWER_BOOT_REQ
                         40          
      _RESUME_ANS        80          
      _RESUME_BOOT_REQ
                         20          
      _TIMER_SHUTDOWN_ANS
                         40          
      _TIME_SHUTDOWN_REQ
                         40          
      block_arrs     20335B PROG     
      block_types    2033AB PROG     
      ceil_rebound   203201 PROG     
      ceiling_collision
                     2031DE PROG     
      check_above    203312 PROG     
      check_below    203300 PROG     
      decel_left     2030CF PROG     
      decel_right    2030BD PROG     
      done_add_gravity
                     2031C6 PROG     
      done_air       2031D4 PROG     
      done_hcollision
                     20317A PROG     
      done_sprx      2032B5 PROG     
      done_spry      2032E7 PROG     
      done_vcollision
                     203283 PROG     
      down_checky    2032CB PROG     
      floor_collision
                     20321C PROG     
      get_height     203323 PROG     
      get_sensor_end
                     203322 PROG     
      guy_pal_copy   202FF8 PROG     
      hcollision_left
                     203147 PROG     
      hcollision_right
                     203163 PROG     
      left_higher    203247 PROG     
      no_decel       2030DF PROG     
      no_mirror      20333A PROG     
      normal_add_gravity
                     2031C0 PROG     
      normal_ground
                     20327D PROG     
      normal_x       2032B0 PROG     
      normal_y       2032E2 PROG     
      not_left       203095 PROG     
      not_right      2030A8 PROG     
      not_start_jump
                     203196 PROG     
      on_ground      203253 PROG     
      right_checkx   203299 PROG     
    Input module : vec_lib
      SYSTEM_CALL    2033EB SYSLIB   print    game_main 
    Input module : patch
      SYS_PATCH      203402 SYSLIB   game_main 

Linker end,No error
