(C)Copyright TOSHIBA CORPORATION 1993-2009  All rights reserved

Sun May 24 22:51:30 2020

Toshiba Unified Linker (32) V2.0p     [Page     1]     sample.map
Runtime option : c:\Program Files (x86)\TOSHIBA\T900\bin\tulink.exe sample.lcf 

  Command file : sample.lcf
    -ga -la -o sample.abs
    vect.rel 
    work.rel
    main.rel
    init.rel
    print.rel
    graphics.rel
    scroll.rel
    player.rel
    system.lib
    
    
    MEMORY {
    	io(RW)		: org=0x0	len=0x100
    	work(RW)	: org=0x4000	len=0x2c00
    	z80(RW)		: org=0x7000	len=0x1000
    	lcd(RW)		: org=0x8000	len=0x4000
    	user(RX)	: org=0x200000	len=0x200000
     	}
    
    
    SECTIONS {
    	HEADER
    		org=0x200000 : {
    		*(INT_TBL)
    		} > user
    
    	PROGRAM
    		org=0x200100 : {
    		*(PROG)
    		system.lib
    		} > user
    
    	WORK
    		org=0x4000 : {
    		*(WORK)
    		} > work
    }
    
    

  Input files (modules)
    vect.rel (game_vect)
    work.rel (game_work)
    main.rel (game_main)
    init.rel (init)
    print.rel (print)
    graphics.rel (print)
    scroll.rel (scroll)
    player.rel (player)
    system.lib (vec_lib patch )

  Link map
    Memory     Out-sec    Attri   Base       Length     In-sec(In-file)        Information
    ---------- ---------- ------- ---------- ---------- ---------------------- ---------------
    io                                     0        100                        *** Gap ***
    work       WORK       DATA          4000         1E WORK    (work.rel)     NORMAL
    work                                401E       2BE2                        *** Gap ***
    z80                                 7000       1000                        *** Gap ***
    lcd                                 8000       4000                        *** Gap ***
    user       HEADER     ROMDATA     200000         88 INT_TBL (vect.rel)     NORMAL
    user                              200088         78                        *** Gap ***
    user       PROGRAM    CODE        200100         D4 PROG    (main.rel)     NORMAL
    user       PROGRAM    CODE        2001D4         C0 PROG    (init.rel)     NORMAL
    user       PROGRAM    CODE        200294         EE PROG    (print.rel)    NORMAL
    user       PROGRAM    CODE        200382       2A98 PROG    (graphics.rel) NORMAL
    user       PROGRAM    CODE        202E1A        18E PROG    (scroll.rel)   NORMAL
    user       PROGRAM    CODE        202FA8        265 PROG    (player.rel)   NORMAL
    user       PROGRAM    CODE        20320D         17 SYSLIB  (system.lib)   NORMAL
    user       PROGRAM    CODE        203224         11 SYSLIB  (system.lib)   NORMAL
    user                              203235     1FCDCB                        *** Gap ***

  Symbol table for sample.abs
      Symbol       Address  In-sec   Cross-reference
      ------------ -------- -------- --------------------------------------
    Input module : game_vect
      Header_Data    200000 INT_TBL  
      RAM_Vector     200040 INT_TBL  init     
    Input module : game_work
      frame_cnt        4002 WORK     
      player_dx        4016 WORK     player   
      player_dy        401A WORK     
      player_x         400E WORK     player   
      player_y         4012 WORK     player   
      screen_x         4004 WORK     
      screen_y         4006 WORK     
      scroll_mode      400C WORK     scroll   
      scroll_x         4008 WORK     scroll   
      scroll_y         400A WORK     scroll   
      start_work       4000 WORK     init     
      stopper          4000 WORK     game_main 
    Input module : game_main
      __STARTUP      FF1800          
      alarm_int      2001D0 PROG     game_vect 
      dummy          2001D3 PROG     game_vect 
      h_int          2001CD PROG     game_vect 
      reset          200100 PROG     game_vect 
      sound_int      2001D2 PROG     game_vect 
      timer1         2001CE PROG     game_vect 
      timer2         2001CF PROG     game_vect 
      v_int          2001B0 PROG     game_vect 
      z80_int        2001D1 PROG     game_vect 
      ALARM_BOOT_REQ
                          7          
      BAT_SHUTDOWN_REQ
                          5          
      BGCOL_CRAM       83E0          
      BG_COLOR         8118          
      BIT_A               4          
      BIT_B               5          
      BIT_DOWN            1          
      BIT_LEFT            2          
      BIT_OPTION          6          
      BIT_RIGHT           3          
      BIT_UP              0          
      Battery_Voltage
                       6F80          
      CHR_VRAM         A000          
      DISP_CTL0        8000          
      FrameStr       2001A4 PROG     
      INT_CLR_BIT         7          
      JOY_A              10          
      JOY_B              20          
      JOY_DOWN            2          
      JOY_LEFT            4          
      JOY_OPTION         40          
      JOY_RIGHT           8          
      JOY_UP              1          
      JoyStr         200198 PROG     
      LCD_CTR_ADD      8012          
      Language         6F87          
      MP_SHUTDOWN_REQ
                          7          
      OS_Version       6F91          
      PAL_SCR1_00      8111          
      PAL_SCR1_01      8112          
      PAL_SCR1_02      8113          
      PAL_SCR1_10      8115          
      PAL_SCR1_11      8116          
      PAL_SCR1_12      8117          
      PL_SCR0_00       8109          
      PL_SCR0_01       810A          
      PL_SCR0_02       810B          
      PL_SCR0_10       810D          
      PL_SCR0_11       810E          
      PL_SCR0_12       810F          
      PL_SPR_00        8101          
      PL_SPR_01        8102          
      PL_SPR_02        8103          
      PL_SPR_10        8105          
      PL_SPR_11        8106          
      PL_SPR_12        8107          
      POWER_BOOT_REQ
                          6          
      RESET_ADD        87E0          
      RESUME_ANS          7          
      RESUME_BOOT_REQ
                          5          
      SCRL1_VRAM       9000          
      SCRL2_VRAM       9800          
      SCRL_PRIO_ADR
                       8030          
      SCRL_X1_ADR      8032          
      SCRL_X2_ADR      8034          
      SCRL_Y1_ADR      8033          
      SCRL_Y2_ADR      8035          
      SCROLL1_CRAM     8280          
      SCROLL2_CRAM     8300          
      SPRITE_CRAM      8200          
      SPR_OFFSET_X_ADR
                       8020          
      SPR_OFFSET_Y_ADR
                       8021          
      SPR_PALCODE      8C00          
      SPR_VRAM         8800          
      STS_RG_ADD       8010          
      SYS_FAILURE        FF          
      SYS_SUCCESS         0          
      String         20018C PROG     
      Sys_lever        6F82          
      TIMER_SHUTDOWN_ANS
                          6          
      TIME_SHUTDOWN_REQ
                          6          
      User_Answer      6F86          
      User_Boot        6F84          
      User_Shutdown
                       6F85          
      VECT_ALARMDOWNSET
                          B          
      VECT_ALARMSET
                          9          
      VECT_CLOCKGEARSET
                          1          
      VECT_FLASHALLERS
                          7          
      VECT_FLASHERS
                          8          
      VECT_FLASHPROTECT
                          D          
      VECT_FLASHWRITE
                          6          
      VECT_GEMODESET
                          E          
      VECT_INTLVSET
                          4          
      VECT_RTCGET         2          
      VECT_SHUTDOWN
                          0          
      VECT_SYSFONTSET
                          5          
      VERSION_ADD      87FE          
      WDCR               6F          
      WD_CLR             4E          
      WD_LCDST_HPOS
                       8008          
      WD_LCDST_VPOS
                       8009          
      WINDOW_CRAM      83F0          
      WIN_WBAX_ADR     8002          
      WIN_WBAY_ADR     8003          
      WIN_WSIX_ADR     8004          
      WIN_WSIY_ADR     8005          
      _ALARM_BOOT_REQ
                         80          
      _BAT_SHUTDOWN_REQ
                         20          
      _INT_CLR_BIT       80          
      _MP_SHUTDOWN_REQ
                         80          
      _POWER_BOOT_REQ
                         40          
      _RESUME_ANS        80          
      _RESUME_BOOT_REQ
                         20          
      _TIMER_SHUTDOWN_ANS
                         40          
      _TIME_SHUTDOWN_REQ
                         40          
      copy_row       20015B PROG     
      disp_size_x        A0          
      disp_size_y        98          
      main           20016C PROG     
      main_100       200181 PROG     
      map_copy       200158 PROG     
      obj_max            40          
      palette2_copy
                     20012A PROG     
      palette_copy   200118 PROG     
    Input module : init
      init_setting   2001D4 PROG     game_main 
      ALARM_BOOT_REQ
                          7          
      BAT_SHUTDOWN_REQ
                          5          
      BGCOL_CRAM       83E0          
      BG_COLOR         8118          
      BIT_A               4          
      BIT_B               5          
      BIT_DOWN            1          
      BIT_LEFT            2          
      BIT_OPTION          6          
      BIT_RIGHT           3          
      BIT_UP              0          
      Battery_Voltage
                       6F80          
      CHR_VRAM         A000          
      DISP_CTL0        8000          
      INT_CLR_BIT         7          
      JOY_A              10          
      JOY_B              20          
      JOY_DOWN            2          
      JOY_LEFT            4          
      JOY_OPTION         40          
      JOY_RIGHT           8          
      JOY_UP              1          
      LCD_CTR_ADD      8012          
      Language         6F87          
      MP_SHUTDOWN_REQ
                          7          
      OS_Version       6F91          
      PAL_SCR1_00      8111          
      PAL_SCR1_01      8112          
      PAL_SCR1_02      8113          
      PAL_SCR1_10      8115          
      PAL_SCR1_11      8116          
      PAL_SCR1_12      8117          
      PL_SCR0_00       8109          
      PL_SCR0_01       810A          
      PL_SCR0_02       810B          
      PL_SCR0_10       810D          
      PL_SCR0_11       810E          
      PL_SCR0_12       810F          
      PL_SPR_00        8101          
      PL_SPR_01        8102          
      PL_SPR_02        8103          
      PL_SPR_10        8105          
      PL_SPR_11        8106          
      PL_SPR_12        8107          
      POWER_BOOT_REQ
                          6          
      RESET_ADD        87E0          
      RESUME_ANS          7          
      RESUME_BOOT_REQ
                          5          
      SCRL1_VRAM       9000          
      SCRL2_VRAM       9800          
      SCRL_PRIO_ADR
                       8030          
      SCRL_X1_ADR      8032          
      SCRL_X2_ADR      8034          
      SCRL_Y1_ADR      8033          
      SCRL_Y2_ADR      8035          
      SCROLL1_CRAM     8280          
      SCROLL2_CRAM     8300          
      SPRITE_CRAM      8200          
      SPR_OFFSET_X_ADR
                       8020          
      SPR_OFFSET_Y_ADR
                       8021          
      SPR_PALCODE      8C00          
      SPR_VRAM         8800          
      STS_RG_ADD       8010          
      SYS_FAILURE        FF          
      SYS_SUCCESS         0          
      Sys_lever        6F82          
      TIMER_SHUTDOWN_ANS
                          6          
      TIME_SHUTDOWN_REQ
                          6          
      User_Answer      6F86          
      User_Boot        6F84          
      User_Shutdown
                       6F85          
      VECT_ALARMDOWNSET
                          B          
      VECT_ALARMSET
                          9          
      VECT_CLOCKGEARSET
                          1          
      VECT_FLASHALLERS
                          7          
      VECT_FLASHERS
                          8          
      VECT_FLASHPROTECT
                          D          
      VECT_FLASHWRITE
                          6          
      VECT_GEMODESET
                          E          
      VECT_INTLVSET
                          4          
      VECT_RTCGET         2          
      VECT_SHUTDOWN
                          0          
      VECT_SYSFONTSET
                          5          
      VERSION_ADD      87FE          
      WDCR               6F          
      WD_CLR             4E          
      WD_LCDST_HPOS
                       8008          
      WD_LCDST_VPOS
                       8009          
      WINDOW_CRAM      83F0          
      WIN_WBAX_ADR     8002          
      WIN_WBAY_ADR     8003          
      WIN_WSIX_ADR     8004          
      WIN_WSIY_ADR     8005          
      _ALARM_BOOT_REQ
                         80          
      _BAT_SHUTDOWN_REQ
                         20          
      _INT_CLR_BIT       80          
      _MP_SHUTDOWN_REQ
                         80          
      _POWER_BOOT_REQ
                         40          
      _RESUME_ANS        80          
      _RESUME_BOOT_REQ
                         20          
      _TIMER_SHUTDOWN_ANS
                         40          
      _TIME_SHUTDOWN_REQ
                         40          
      disp_size_x        A0          
      disp_size_y        98          
      obj_max            40          
      pal_data       200281 PROG     
      palet_loop     200270 PROG     
      plaet_seting   200264 PROG     
      scroll_clr     20024E PROG     
      scroll_loop    200256 PROG     
      sprite_clr     20023A PROG     
      sprite_loop    200244 PROG     
      vect_copy      2001E3 PROG     
      work_init_loop
                     20022A PROG     
    Input module : print
      print_byte     2002BE PROG     
      print_init     200294 PROG     
      print_string   20029F PROG     
      print_word     200304 PROG     
      ALARM_BOOT_REQ
                          7          
      BAT_SHUTDOWN_REQ
                          5          
      BGCOL_CRAM       83E0          
      BG_COLOR         8118          
      BIT_A               4          
      BIT_B               5          
      BIT_DOWN            1          
      BIT_LEFT            2          
      BIT_OPTION          6          
      BIT_RIGHT           3          
      BIT_UP              0          
      Battery_Voltage
                       6F80          
      CHR_VRAM         A000          
      DISP_CTL0        8000          
      INT_CLR_BIT         7          
      JOY_A              10          
      JOY_B              20          
      JOY_DOWN            2          
      JOY_LEFT            4          
      JOY_OPTION         40          
      JOY_RIGHT           8          
      JOY_UP              1          
      LCD_CTR_ADD      8012          
      Language         6F87          
      MP_SHUTDOWN_REQ
                          7          
      OS_Version       6F91          
      PAL_SCR1_00      8111          
      PAL_SCR1_01      8112          
      PAL_SCR1_02      8113          
      PAL_SCR1_10      8115          
      PAL_SCR1_11      8116          
      PAL_SCR1_12      8117          
      PL_SCR0_00       8109          
      PL_SCR0_01       810A          
      PL_SCR0_02       810B          
      PL_SCR0_10       810D          
      PL_SCR0_11       810E          
      PL_SCR0_12       810F          
      PL_SPR_00        8101          
      PL_SPR_01        8102          
      PL_SPR_02        8103          
      PL_SPR_10        8105          
      PL_SPR_11        8106          
      PL_SPR_12        8107          
      POWER_BOOT_REQ
                          6          
      RESET_ADD        87E0          
      RESUME_ANS          7          
      RESUME_BOOT_REQ
                          5          
      SCRL1_VRAM       9000          
      SCRL2_VRAM       9800          
      SCRL_PRIO_ADR
                       8030          
      SCRL_X1_ADR      8032          
      SCRL_X2_ADR      8034          
      SCRL_Y1_ADR      8033          
      SCRL_Y2_ADR      8035          
      SCROLL1_CRAM     8280          
      SCROLL2_CRAM     8300          
      SPRITE_CRAM      8200          
      SPR_OFFSET_X_ADR
                       8020          
      SPR_OFFSET_Y_ADR
                       8021          
      SPR_PALCODE      8C00          
      SPR_VRAM         8800          
      STS_RG_ADD       8010          
      SYS_FAILURE        FF          
      SYS_SUCCESS         0          
      Sys_lever        6F82          
      TIMER_SHUTDOWN_ANS
                          6          
      TIME_SHUTDOWN_REQ
                          6          
      User_Answer      6F86          
      User_Boot        6F84          
      User_Shutdown
                       6F85          
      VECT_ALARMDOWNSET
                          B          
      VECT_ALARMSET
                          9          
      VECT_CLOCKGEARSET
                          1          
      VECT_FLASHALLERS
                          7          
      VECT_FLASHERS
                          8          
      VECT_FLASHPROTECT
                          D          
      VECT_FLASHWRITE
                          6          
      VECT_GEMODESET
                          E          
      VECT_INTLVSET
                          4          
      VECT_RTCGET         2          
      VECT_SHUTDOWN
                          0          
      VECT_SYSFONTSET
                          5          
      VERSION_ADD      87FE          
      WDCR               6F          
      WD_CLR             4E          
      WD_LCDST_HPOS
                       8008          
      WD_LCDST_VPOS
                       8009          
      WINDOW_CRAM      83F0          
      WIN_WBAX_ADR     8002          
      WIN_WBAY_ADR     8003          
      WIN_WSIX_ADR     8004          
      WIN_WSIY_ADR     8005          
      _ALARM_BOOT_REQ
                         80          
      _BAT_SHUTDOWN_REQ
                         20          
      _INT_CLR_BIT       80          
      _MP_SHUTDOWN_REQ
                         80          
      _POWER_BOOT_REQ
                         40          
      _RESUME_ANS        80          
      _RESUME_BOOT_REQ
                         20          
      _TIMER_SHUTDOWN_ANS
                         40          
      _TIME_SHUTDOWN_REQ
                         40          
      byte_atf0      2002E0 PROG     
      byte_atf1      2002F9 PROG     
      byte_doneadd0
                     2002E3 PROG     
      byte_doneadd1
                     2002FC PROG     
      copy_text      2002AD PROG     
      done_copy_text
                     2002BD PROG     
      word_atf0      200326 PROG     
      word_atf1      20033F PROG     
      word_atf2      20035E PROG     
      word_atf3      200377 PROG     
      word_doneadd0
                     200329 PROG     
      word_doneadd1
                     200342 PROG     
      word_doneadd2
                     200361 PROG     
      word_doneadd3
                     20037A PROG     
    Input module : print
      guy            202DD2 PROG     player   
      guy_end        202E12 PROG     player   
      guy_pal        202E12 PROG     player   
      guy_pal_end    202E1A PROG     player   
      map            200DD2 PROG     scroll   game_main 
      map_end        202DD2 PROG     
      palette        200382 PROG     game_main 
      palette_end    2003D2 PROG     game_main 
      tiles          2003D2 PROG     player   game_main 
      tiles_end      200DD2 PROG     player   game_main 
      ALARM_BOOT_REQ
                          7          
      BAT_SHUTDOWN_REQ
                          5          
      BGCOL_CRAM       83E0          
      BG_COLOR         8118          
      BIT_A               4          
      BIT_B               5          
      BIT_DOWN            1          
      BIT_LEFT            2          
      BIT_OPTION          6          
      BIT_RIGHT           3          
      BIT_UP              0          
      Battery_Voltage
                       6F80          
      CHR_VRAM         A000          
      DISP_CTL0        8000          
      INT_CLR_BIT         7          
      JOY_A              10          
      JOY_B              20          
      JOY_DOWN            2          
      JOY_LEFT            4          
      JOY_OPTION         40          
      JOY_RIGHT           8          
      JOY_UP              1          
      LCD_CTR_ADD      8012          
      Language         6F87          
      MP_SHUTDOWN_REQ
                          7          
      OS_Version       6F91          
      PAL_SCR1_00      8111          
      PAL_SCR1_01      8112          
      PAL_SCR1_02      8113          
      PAL_SCR1_10      8115          
      PAL_SCR1_11      8116          
      PAL_SCR1_12      8117          
      PL_SCR0_00       8109          
      PL_SCR0_01       810A          
      PL_SCR0_02       810B          
      PL_SCR0_10       810D          
      PL_SCR0_11       810E          
      PL_SCR0_12       810F          
      PL_SPR_00        8101          
      PL_SPR_01        8102          
      PL_SPR_02        8103          
      PL_SPR_10        8105          
      PL_SPR_11        8106          
      PL_SPR_12        8107          
      POWER_BOOT_REQ
                          6          
      RESET_ADD        87E0          
      RESUME_ANS          7          
      RESUME_BOOT_REQ
                          5          
      SCRL1_VRAM       9000          
      SCRL2_VRAM       9800          
      SCRL_PRIO_ADR
                       8030          
      SCRL_X1_ADR      8032          
      SCRL_X2_ADR      8034          
      SCRL_Y1_ADR      8033          
      SCRL_Y2_ADR      8035          
      SCROLL1_CRAM     8280          
      SCROLL2_CRAM     8300          
      SPRITE_CRAM      8200          
      SPR_OFFSET_X_ADR
                       8020          
      SPR_OFFSET_Y_ADR
                       8021          
      SPR_PALCODE      8C00          
      SPR_VRAM         8800          
      STS_RG_ADD       8010          
      SYS_FAILURE        FF          
      SYS_SUCCESS         0          
      Sys_lever        6F82          
      TIMER_SHUTDOWN_ANS
                          6          
      TIME_SHUTDOWN_REQ
                          6          
      User_Answer      6F86          
      User_Boot        6F84          
      User_Shutdown
                       6F85          
      VECT_ALARMDOWNSET
                          B          
      VECT_ALARMSET
                          9          
      VECT_CLOCKGEARSET
                          1          
      VECT_FLASHALLERS
                          7          
      VECT_FLASHERS
                          8          
      VECT_FLASHPROTECT
                          D          
      VECT_FLASHWRITE
                          6          
      VECT_GEMODESET
                          E          
      VECT_INTLVSET
                          4          
      VECT_RTCGET         2          
      VECT_SHUTDOWN
                          0          
      VECT_SYSFONTSET
                          5          
      VERSION_ADD      87FE          
      WDCR               6F          
      WD_CLR             4E          
      WD_LCDST_HPOS
                       8008          
      WD_LCDST_VPOS
                       8009          
      WINDOW_CRAM      83F0          
      WIN_WBAX_ADR     8002          
      WIN_WBAY_ADR     8003          
      WIN_WSIX_ADR     8004          
      WIN_WSIY_ADR     8005          
      _ALARM_BOOT_REQ
                         80          
      _BAT_SHUTDOWN_REQ
                         20          
      _INT_CLR_BIT       80          
      _MP_SHUTDOWN_REQ
                         80          
      _POWER_BOOT_REQ
                         40          
      _RESUME_ANS        80          
      _RESUME_BOOT_REQ
                         20          
      _TIMER_SHUTDOWN_ANS
                         40          
      _TIME_SHUTDOWN_REQ
                         40          
    Input module : scroll
      scroll_copy    202E65 PROG     game_main 
      scroll_get_tile
                     202E4B PROG     player   
      scroll_set     202E1A PROG     player   
      ALARM_BOOT_REQ
                          7          
      BAT_SHUTDOWN_REQ
                          5          
      BGCOL_CRAM       83E0          
      BG_COLOR         8118          
      BIT_A               4          
      BIT_B               5          
      BIT_DOWN            1          
      BIT_LEFT            2          
      BIT_OPTION          6          
      BIT_RIGHT           3          
      BIT_UP              0          
      Battery_Voltage
                       6F80          
      CHR_VRAM         A000          
      COPY_DOWN           8          
      COPY_LEFT           1          
      COPY_RIGHT          2          
      COPY_UP             4          
      DISP_CTL0        8000          
      INT_CLR_BIT         7          
      JOY_A              10          
      JOY_B              20          
      JOY_DOWN            2          
      JOY_LEFT            4          
      JOY_OPTION         40          
      JOY_RIGHT           8          
      JOY_UP              1          
      LCD_CTR_ADD      8012          
      Language         6F87          
      MP_SHUTDOWN_REQ
                          7          
      OS_Version       6F91          
      PAL_SCR1_00      8111          
      PAL_SCR1_01      8112          
      PAL_SCR1_02      8113          
      PAL_SCR1_10      8115          
      PAL_SCR1_11      8116          
      PAL_SCR1_12      8117          
      PL_SCR0_00       8109          
      PL_SCR0_01       810A          
      PL_SCR0_02       810B          
      PL_SCR0_10       810D          
      PL_SCR0_11       810E          
      PL_SCR0_12       810F          
      PL_SPR_00        8101          
      PL_SPR_01        8102          
      PL_SPR_02        8103          
      PL_SPR_10        8105          
      PL_SPR_11        8106          
      PL_SPR_12        8107          
      POWER_BOOT_REQ
                          6          
      RESET_ADD        87E0          
      RESUME_ANS          7          
      RESUME_BOOT_REQ
                          5          
      SCRL1_VRAM       9000          
      SCRL2_VRAM       9800          
      SCRL_PRIO_ADR
                       8030          
      SCRL_X1_ADR      8032          
      SCRL_X2_ADR      8034          
      SCRL_Y1_ADR      8033          
      SCRL_Y2_ADR      8035          
      SCROLL1_CRAM     8280          
      SCROLL2_CRAM     8300          
      SPRITE_CRAM      8200          
      SPR_OFFSET_X_ADR
                       8020          
      SPR_OFFSET_Y_ADR
                       8021          
      SPR_PALCODE      8C00          
      SPR_VRAM         8800          
      STS_RG_ADD       8010          
      SYS_FAILURE        FF          
      SYS_SUCCESS         0          
      Sys_lever        6F82          
      TILES_X            14          
      TILES_Y            13          
      TIMER_SHUTDOWN_ANS
                          6          
      TIME_SHUTDOWN_REQ
                          6          
      User_Answer      6F86          
      User_Boot        6F84          
      User_Shutdown
                       6F85          
      VECT_ALARMDOWNSET
                          B          
      VECT_ALARMSET
                          9          
      VECT_CLOCKGEARSET
                          1          
      VECT_FLASHALLERS
                          7          
      VECT_FLASHERS
                          8          
      VECT_FLASHPROTECT
                          D          
      VECT_FLASHWRITE
                          6          
      VECT_GEMODESET
                          E          
      VECT_INTLVSET
                          4          
      VECT_RTCGET         2          
      VECT_SHUTDOWN
                          0          
      VECT_SYSFONTSET
                          5          
      VERSION_ADD      87FE          
      WDCR               6F          
      WD_CLR             4E          
      WD_LCDST_HPOS
                       8008          
      WD_LCDST_VPOS
                       8009          
      WINDOW_CRAM      83F0          
      WIN_WBAX_ADR     8002          
      WIN_WBAY_ADR     8003          
      WIN_WSIX_ADR     8004          
      WIN_WSIY_ADR     8005          
      _ALARM_BOOT_REQ
                         80          
      _BAT_SHUTDOWN_REQ
                         20          
      _INT_CLR_BIT       80          
      _MP_SHUTDOWN_REQ
                         80          
      _POWER_BOOT_REQ
                         40          
      _RESUME_ANS        80          
      _RESUME_BOOT_REQ
                         20          
      _TIMER_SHUTDOWN_ANS
                         40          
      _TIME_SHUTDOWN_REQ
                         40          
      copy_col_loop
                     202F3D PROG     
      copy_column    202F0E PROG     
      copy_row       202F65 PROG     
      copy_row_loop
                     202F90 PROG     
      done_x         202E2C PROG     
      done_y         202E42 PROG     
      down_y         202E3D PROG     
      left_x         202E22 PROG     
      no_down        202F0D PROG     
      no_left        202E99 PROG     
      no_right       202EC1 PROG     
      no_up          202EE5 PROG     
      no_x           202E2A PROG     
      right_x        202E26 PROG     
      up_y           202E38 PROG     
    Input module : player
      get_sensor     20312E PROG     
      player_init    202FA8 PROG     game_main 
      player_move    20305F PROG     game_main 
      ALARM_BOOT_REQ
                          7          
      BAT_SHUTDOWN_REQ
                          5          
      BGCOL_CRAM       83E0          
      BG_COLOR         8118          
      BIT_A               4          
      BIT_B               5          
      BIT_DOWN            1          
      BIT_LEFT            2          
      BIT_OPTION          6          
      BIT_RIGHT           3          
      BIT_UP              0          
      Battery_Voltage
                       6F80          
      CHR_VRAM         A000          
      DISP_CTL0        8000          
      Height2251     2031CD PROG     
      Height2252     2031DD PROG     
      Height45       2031BD PROG     
      HeightEmpty    20319D PROG     
      HeightFull     2031AD PROG     
      INT_CLR_BIT         7          
      JOY_A              10          
      JOY_B              20          
      JOY_DOWN            2          
      JOY_LEFT            4          
      JOY_OPTION         40          
      JOY_RIGHT           8          
      JOY_UP              1          
      LCD_CTR_ADD      8012          
      Language         6F87          
      MAX_SPEED       38000          
      MP_SHUTDOWN_REQ
                          7          
      OS_Version       6F91          
      PAL_SCR1_00      8111          
      PAL_SCR1_01      8112          
      PAL_SCR1_02      8113          
      PAL_SCR1_10      8115          
      PAL_SCR1_11      8116          
      PAL_SCR1_12      8117          
      PLAYER_ACCEL     8000          
      PLAYER_HEIGHT
                         10          
      PLAYER_WIDTH       10          
      PL_SCR0_00       8109          
      PL_SCR0_01       810A          
      PL_SCR0_02       810B          
      PL_SCR0_10       810D          
      PL_SCR0_11       810E          
      PL_SCR0_12       810F          
      PL_SPR_00        8101          
      PL_SPR_01        8102          
      PL_SPR_02        8103          
      PL_SPR_10        8105          
      PL_SPR_11        8106          
      PL_SPR_12        8107          
      POWER_BOOT_REQ
                          6          
      RESET_ADD        87E0          
      RESUME_ANS          7          
      RESUME_BOOT_REQ
                          5          
      SCRL1_VRAM       9000          
      SCRL2_VRAM       9800          
      SCRL_PRIO_ADR
                       8030          
      SCRL_X1_ADR      8032          
      SCRL_X2_ADR      8034          
      SCRL_Y1_ADR      8033          
      SCRL_Y2_ADR      8035          
      SCROLL1_CRAM     8280          
      SCROLL2_CRAM     8300          
      SPRITE_CRAM      8200          
      SPRITE_X           48          
      SPRITE_Y           48          
      SPR_OFFSET_X_ADR
                       8020          
      SPR_OFFSET_Y_ADR
                       8021          
      SPR_PALCODE      8C00          
      SPR_VRAM         8800          
      STS_RG_ADD       8010          
      SYS_FAILURE        FF          
      SYS_SUCCESS         0          
      Sys_lever        6F82          
      TIMER_SHUTDOWN_ANS
                          6          
      TIME_SHUTDOWN_REQ
                          6          
      TYPE_2251           3          
      TYPE_2252           4          
      TYPE_45             2          
      TYPE_EMPTY          0          
      TYPE_FULL           1          
      User_Answer      6F86          
      User_Boot        6F84          
      User_Shutdown
                       6F85          
      VECT_ALARMDOWNSET
                          B          
      VECT_ALARMSET
                          9          
      VECT_CLOCKGEARSET
                          1          
      VECT_FLASHALLERS
                          7          
      VECT_FLASHERS
                          8          
      VECT_FLASHPROTECT
                          D          
      VECT_FLASHWRITE
                          6          
      VECT_GEMODESET
                          E          
      VECT_INTLVSET
                          4          
      VECT_RTCGET         2          
      VECT_SHUTDOWN
                          0          
      VECT_SYSFONTSET
                          5          
      VERSION_ADD      87FE          
      WDCR               6F          
      WD_CLR             4E          
      WD_LCDST_HPOS
                       8008          
      WD_LCDST_VPOS
                       8009          
      WINDOW_CRAM      83F0          
      WIN_WBAX_ADR     8002          
      WIN_WBAY_ADR     8003          
      WIN_WSIX_ADR     8004          
      WIN_WSIY_ADR     8005          
      _ALARM_BOOT_REQ
                         80          
      _BAT_SHUTDOWN_REQ
                         20          
      _INT_CLR_BIT       80          
      _MP_SHUTDOWN_REQ
                         80          
      _POWER_BOOT_REQ
                         40          
      _RESUME_ANS        80          
      _RESUME_BOOT_REQ
                         20          
      _TIMER_SHUTDOWN_ANS
                         40          
      _TIME_SHUTDOWN_REQ
                         40          
      block_arrs     20319D PROG     
      block_types    2031ED PROG     
      check_above    203154 PROG     
      check_below    203142 PROG     
      decel_left     2030B4 PROG     
      decel_right    2030A2 PROG     
      get_height     203165 PROG     
      get_sensor_end
                     203164 PROG     
      guy_pal_copy   202FDD PROG     
      left_higher    2030FD PROG     
      no_decel       2030C4 PROG     
      no_mirror      20317C PROG     
      not_left       20307A PROG     
      not_right      20308D PROG     
    Input module : vec_lib
      SYSTEM_CALL    20320D SYSLIB   print    game_main 
    Input module : patch
      SYS_PATCH      203224 SYSLIB   game_main 

Linker end,No error
