(C)Copyright TOSHIBA CORPORATION 1993-2009  All rights reserved
Tue Jun 09 21:04:20 2020
TLCS-900 Relocatable Assembler (32) V2.2k  [Page     1]  work.lst
Runtime option : c:\Program Files (x86)\TOSHIBA\T900\bin\asm900.exe -Nb2 -O1 -g -l work.asm

Location  Object                           Ins        Line Source Statement

                                 +0          1           1 ;*****************************************
                                 +0          2           2 ;		WORK DEFINITION 
                                 +0          3           3 ;*****************************************
                                 +0          4           4 	$MAXIMUM					;
                                 +0          5           5 	module  game_work			;
                                 +0          6           6 ;  ---------------------------------
                                 +0          7           7 ;  ---------------------------------
                                 +0          8           8 ;		EXTERNAL LOOKUP
                                 +0          9           9 ;  ---------------------------------
                                 +0         10          10 
                                 +0         11          11 
                                 +0         12          12 ;  ---------------------------------
                                 +0         13          13 ;		EXTERNAL DEFINTION
                                 +0         14          14 ;  ---------------------------------
                                 +0         15          15 	public start_work
                                 +0         16          16 	public stopper
                                 +0         17          17 	public joypad
                                 +0         18          18 	public joylast
                                 +0         19          19 	public joyedge
                                 +0         20          20 	public hint_cnt
                                 +0         21          21 	public frame_cnt
                                 +0         22          22 	public screen_x
                                 +0         23          23 	public screen_y
                                 +0         24          24 	public sprite_mirror
                                 +0         25          25 	public scroll_x
                                 +0         26          26 	public scroll_y
                                 +0         27          27 	public scroll_mode
                                 +0         28          28 	public player_x
                                 +0         29          29 	public player_y
                                 +0         30          30 	public player_dx
                                 +0         31          31 	public player_dy
                                 +0         32          32 	public player_mode
                                 +0         33          33 	public player_frame
                                 +0         34          34 	public player_timer
                                 +0         35          35 ;  ---------------------------------
                                 +0         36          36 ;		INCLUDE
                                 +0         37          37 ;  ---------------------------------
                                 +0         38          38 
                                 +0         39          39 
                                 +0         40          40 ;-------------------------------------------------------
                                 +0         41          41 WORK	section data medium				;
                                 +0         42          42 ;-------------------------------------------------------
00000000                         +0         43          43 start_work:
                                 +0         44          44 ;-------------- WORK -----------------
00000000                         +0         45          45 stopper	dsb	1
00000001                         +0         46          46 joypad dsb 1
00000002                         +0         47          47 joylast dsb 1
00000003                         +0         48          48 joyedge dsb 1
00000004                         +0         49          49 hint_cnt dsb 1
00000005                         +0         50          50 	align   2	
00000006                         +0         51          51 frame_cnt dsb 2
00000008                         +0         52          52 screen_x dsb 2
0000000A                         +0         53          53 screen_y dsb 2
0000000C                         +0         54          54 sprite_mirror dsb 256
                                 +0         55          55 ;---scroll.asm---
0000010C                         +0         56          56 	align   2
0000010C                         +0         57          57 scroll_x dsb 2
0000010E                         +0         58          58 scroll_x2 dsb 2
00000110                         +0         59          59 scroll_y dsb 2
00000112                         +0         60          60 scroll_y2 dsb 2
00000114                         +0         61          61 scroll_mode dsb 1
                                 +0         62          62 ;---player.asm---
00000115                         +0         63          63 	align 2
00000116                         +0         64          64 player_x dsb 4
0000011A                         +0         65          65 player_y dsb 4
0000011E                         +0         66          66 player_dx dsb 4
00000122                         +0         67          67 player_dy dsb 4
00000126                         +0         68          68 player_mode dsb 1
00000127                         +0         69          69 player_frame dsb 1
00000128                         +0         70          70 player_timer dsb 1
                                 +0         71          71 	
                                 +0         72          72 	
                                 +0         73          73 ;-------------------------------------------------------
                                 +0         74          74         end						;
                                 +0         75          75 ;-------------------------------------------------------

Assembly complete, No error
TLCS-900 Relocatable Assembler (32) V2.2k  [Page     2]  work.lst

Symbol table listing
--------------------

Symbol           Category         Value     Attribute

WORK             D M     SEC      00000000  R 129       
frame_cnt        D M     VAR      00000006  R PUB       WORK
game_work                MOD
hint_cnt         D M     VAR      00000004  R PUB       WORK
joyedge          D M     VAR      00000003  R PUB       WORK
joylast          D M     VAR      00000002  R PUB       WORK
joypad           D M     VAR      00000001  R PUB       WORK
player_dx        D M     VAR      0000011E  R PUB       WORK
player_dy        D M     VAR      00000122  R PUB       WORK
player_frame     D M     VAR      00000127  R PUB       WORK
player_mode      D M     VAR      00000126  R PUB       WORK
player_timer     D M     VAR      00000128  R PUB       WORK
player_x         D M     VAR      00000116  R PUB       WORK
player_y         D M     VAR      0000011A  R PUB       WORK
screen_x         D M     VAR      00000008  R PUB       WORK
screen_y         D M     VAR      0000000A  R PUB       WORK
scroll_mode      D M     VAR      00000114  R PUB       WORK
scroll_x         D M     VAR      0000010C  R PUB       WORK
scroll_x2        D M     VAR      0000010E  R           WORK
scroll_y         D M     VAR      00000110  R PUB       WORK
scroll_y2        D M     VAR      00000112  R           WORK
sprite_mirror    D M     VAR      0000000C  R PUB       WORK
start_work       D M     LAB      00000000  R PUB       WORK
stopper          D M     VAR      00000000  R PUB       WORK


TOTAL
   24 user defined symbol(s)
